[INFO] Scanning for projects...
[INFO] 
[INFO] -------------------------< com.example:remote >-------------------------
[INFO] Building remote 0.0.1-SNAPSHOT
[INFO]   from pom.xml
[INFO] --------------------------------[ jar ]---------------------------------
[INFO] 
[INFO] --- clean:3.4.1:clean (default-clean) @ remote ---
[INFO] Deleting C:\Users\S076\Desktop\進級制作\Shinkyu\target
[INFO] 
[INFO] --- resources:3.3.1:resources (default-resources) @ remote ---
[INFO] Copying 1 resource from src\main\resources to target\classes
[INFO] Copying 10 resources from src\main\resources to target\classes
[INFO] 
[INFO] --- compiler:3.14.0:compile (default-compile) @ remote ---
[INFO] Recompiling the module because of changed source code.
[INFO] Compiling 18 source files with javac [debug parameters release 21] to target\classes
[INFO] 
[INFO] --- resources:3.3.1:testResources (default-testResources) @ remote ---
[INFO] skip non existing resourceDirectory C:\Users\S076\Desktop\進級制作\Shinkyu\src\test\resources
[INFO] 
[INFO] --- compiler:3.14.0:testCompile (default-testCompile) @ remote ---
[INFO] Recompiling the module because of changed dependency.
[INFO] Compiling 1 source file with javac [debug parameters release 21] to target\test-classes
[INFO] 
[INFO] --- surefire:3.5.4:test (default-test) @ remote ---
[INFO] Tests are skipped.
[INFO] 
[INFO] --- jar:3.4.2:jar (default-jar) @ remote ---
[INFO] Building jar: C:\Users\S076\Desktop\進級制作\Shinkyu\target\remote-0.0.1-SNAPSHOT.jar
[INFO] 
[INFO] --- spring-boot:3.5.6:repackage (repackage) @ remote ---
[INFO] Replacing main artifact C:\Users\S076\Desktop\進級制作\Shinkyu\target\remote-0.0.1-SNAPSHOT.jar with repackaged archive, adding nested dependencies in BOOT-INF/.
[INFO] The original artifact has been renamed to C:\Users\S076\Desktop\進級制作\Shinkyu\target\remote-0.0.1-SNAPSHOT.jar.original
[INFO] ------------------------------------------------------------------------
[INFO] BUILD SUCCESS
[INFO] ------------------------------------------------------------------------
[INFO] Total time:  16.906 s
[INFO] Finished at: 2026-01-20T10:23:52+09:00
[INFO] ------------------------------------------------------------------------
