[INFO] Scanning for projects...
[INFO] 
[INFO] -------------------------< com.example:remote >-------------------------
[INFO] Building remote 0.0.1-SNAPSHOT
[INFO]   from pom.xml
[INFO] --------------------------------[ jar ]---------------------------------
[INFO] 
[INFO] --- resources:3.3.1:resources (default-resources) @ remote ---
[INFO] Copying 1 resource from src\main\resources to target\classes
[INFO] Copying 19 resources from src\main\resources to target\classes
[INFO] 
[INFO] --- compiler:3.13.0:compile (default-compile) @ remote ---
[INFO] Recompiling the module because of changed source code.
[INFO] Compiling 32 source files with javac [debug parameters release 21] to target\classes
[INFO] -------------------------------------------------------------
[ERROR] COMPILATION ERROR : 
[INFO] -------------------------------------------------------------
[ERROR] /C:/Users/S076/Desktop/進級制作/Shinkyu/src/main/java/com/example/demo/service/impl/ApplicationServiceImpl.java:[231,16] 無名クラスはプレビュー機能であり、デフォルトで無効になっています。
  (無名クラスを有効にするには--enable-previewを使用します)
[ERROR] /C:/Users/S076/Desktop/進級制作/Shinkyu/src/main/java/com/example/demo/service/impl/ApplicationServiceImpl.java:[512,1] class, interface, enumまたはrecordがありません
[ERROR] /C:/Users/S076/Desktop/進級制作/Shinkyu/src/main/java/com/example/demo/service/impl/ApplicationServiceImpl.java:[1,1] 無名クラスにパッケージ宣言を含めることはできません
[INFO] 3 errors 
[INFO] -------------------------------------------------------------
[INFO] ------------------------------------------------------------------------
[INFO] BUILD FAILURE
[INFO] ------------------------------------------------------------------------
[INFO] Total time:  8.347 s
[INFO] Finished at: 2026-01-20T10:41:56+09:00
[INFO] ------------------------------------------------------------------------
[ERROR] Failed to execute goal org.apache.maven.plugins:maven-compiler-plugin:3.13.0:compile (default-compile) on project remote: Compilation failure: Compilation failure: 
[ERROR] /C:/Users/S076/Desktop/進級制作/Shinkyu/src/main/java/com/example/demo/service/impl/ApplicationServiceImpl.java:[231,16] 無名クラスはプレビュー機能であり、デフォルトで無効になっています。
[ERROR]   (無名クラスを有効にするには--enable-previewを使用します)
[ERROR] /C:/Users/S076/Desktop/進級制作/Shinkyu/src/main/java/com/example/demo/service/impl/ApplicationServiceImpl.java:[512,1] class, interface, enumまたはrecordがありません
[ERROR] /C:/Users/S076/Desktop/進級制作/Shinkyu/src/main/java/com/example/demo/service/impl/ApplicationServiceImpl.java:[1,1] 無名クラスにパッケージ宣言を含めることはできません
[ERROR] -> [Help 1]
[ERROR] 
[ERROR] To see the full stack trace of the errors, re-run Maven with the -e switch.
[ERROR] Re-run Maven using the -X switch to enable full debug logging.
[ERROR] 
[ERROR] For more information about the errors and possible solutions, please read the following articles:
[ERROR] [Help 1] http://cwiki.apache.org/confluence/display/MAVEN/MojoFailureException
