[INFO] Scanning for projects...
[INFO] 
[INFO] -------------------------< com.example:remote >-------------------------
[INFO] Building remote 0.0.1-SNAPSHOT
[INFO]   from pom.xml
[INFO] --------------------------------[ jar ]---------------------------------
[INFO] 
[INFO] --- resources:3.3.1:resources (default-resources) @ remote ---
[INFO] Copying 1 resource from src\main\resources to target\classes
[INFO] Copying 10 resources from src\main\resources to target\classes
[INFO] 
[INFO] --- compiler:3.14.0:compile (default-compile) @ remote ---
[INFO] Recompiling the module because of changed source code.
[INFO] Compiling 16 source files with javac [debug parameters release 21] to target\classes
[INFO] -------------------------------------------------------------
[ERROR] COMPILATION ERROR : 
[INFO] -------------------------------------------------------------
[ERROR] /C:/Users/S076/Desktop/進級制作/Shinkyu/src/main/java/com/example/demo/controller/ApplicationController.java:[21,32] シンボルを見つけられません
  シンボル:   クラス UserDetailDto
  場所: パッケージ com.example.demo.service
[ERROR] /C:/Users/S076/Desktop/進級制作/Shinkyu/src/main/java/com/example/demo/service/ApplicationService.java:[32,14] シンボルを見つけられません
  シンボル:   クラス UserDetailDto
  場所: インタフェース com.example.demo.service.ApplicationService
[ERROR] /C:/Users/S076/Desktop/進級制作/Shinkyu/src/main/java/com/example/demo/service/ApplicationService.java:[37,10] シンボルを見つけられません
  シンボル:   クラス UserDetailDto
  場所: インタフェース com.example.demo.service.ApplicationService
[ERROR] /C:/Users/S076/Desktop/進級制作/Shinkyu/src/main/java/com/example/demo/service/ApplicationService.java:[40,10] シンボルを見つけられません
  シンボル:   クラス UserDetailDto
  場所: インタフェース com.example.demo.service.ApplicationService
[ERROR] /C:/Users/S076/Desktop/進級制作/Shinkyu/src/main/java/com/example/demo/service/ApplicationService.java:[54,5] シンボルを見つけられません
  シンボル:   クラス UserDetailDto
  場所: インタフェース com.example.demo.service.ApplicationService
[ERROR] /C:/Users/S076/Desktop/進級制作/Shinkyu/src/main/java/com/example/demo/service/impl/ApplicationServiceImpl.java:[13,35] シンボルを見つけられません
  シンボル:   クラス RequestRepository
  場所: パッケージ com.example.demo.repository
[ERROR] /C:/Users/S076/Desktop/進級制作/Shinkyu/src/main/java/com/example/demo/service/impl/ApplicationServiceImpl.java:[17,32] シンボルを見つけられません
  シンボル:   クラス UserDetailDto
  場所: パッケージ com.example.demo.service
[ERROR] /C:/Users/S076/Desktop/進級制作/Shinkyu/src/main/java/com/example/demo/service/impl/ApplicationServiceImpl.java:[22,19] シンボルを見つけられません
  シンボル:   クラス RequestRepository
  場所: クラス com.example.demo.service.impl.ApplicationServiceImpl
[ERROR] /C:/Users/S076/Desktop/進級制作/Shinkyu/src/main/java/com/example/demo/service/impl/ApplicationServiceImpl.java:[26,35] シンボルを見つけられません
  シンボル:   クラス RequestRepository
  場所: クラス com.example.demo.service.impl.ApplicationServiceImpl
[ERROR] /C:/Users/S076/Desktop/進級制作/Shinkyu/src/main/java/com/example/demo/service/impl/ApplicationServiceImpl.java:[36,21] シンボルを見つけられません
  シンボル:   クラス UserDetailDto
  場所: クラス com.example.demo.service.impl.ApplicationServiceImpl
[ERROR] /C:/Users/S076/Desktop/進級制作/Shinkyu/src/main/java/com/example/demo/service/impl/ApplicationServiceImpl.java:[42,12] シンボルを見つけられません
  シンボル:   クラス UserDetailDto
  場所: クラス com.example.demo.service.impl.ApplicationServiceImpl
[ERROR] /C:/Users/S076/Desktop/進級制作/Shinkyu/src/main/java/com/example/demo/service/impl/ApplicationServiceImpl.java:[49,17] シンボルを見つけられません
  シンボル:   クラス UserDetailDto
  場所: クラス com.example.demo.service.impl.ApplicationServiceImpl
[ERROR] /C:/Users/S076/Desktop/進級制作/Shinkyu/src/main/java/com/example/demo/service/impl/ApplicationServiceImpl.java:[56,17] シンボルを見つけられません
  シンボル:   クラス UserDetailDto
  場所: クラス com.example.demo.service.impl.ApplicationServiceImpl
[ERROR] /C:/Users/S076/Desktop/進級制作/Shinkyu/src/main/java/com/example/demo/service/impl/ApplicationServiceImpl.java:[205,13] シンボルを見つけられません
  シンボル:   クラス UserDetailDto
  場所: クラス com.example.demo.service.impl.ApplicationServiceImpl
[INFO] 14 errors 
[INFO] -------------------------------------------------------------
[INFO] ------------------------------------------------------------------------
[INFO] BUILD FAILURE
[INFO] ------------------------------------------------------------------------
[INFO] Total time:  8.532 s
[INFO] Finished at: 2026-01-20T10:18:52+09:00
[INFO] ------------------------------------------------------------------------
[ERROR] Failed to execute goal org.apache.maven.plugins:maven-compiler-plugin:3.14.0:compile (default-compile) on project remote: Compilation failure: Compilation failure: 
[ERROR] /C:/Users/S076/Desktop/進級制作/Shinkyu/src/main/java/com/example/demo/controller/ApplicationController.java:[21,32] シンボルを見つけられません
[ERROR]   シンボル:   クラス UserDetailDto
[ERROR]   場所: パッケージ com.example.demo.service
[ERROR] /C:/Users/S076/Desktop/進級制作/Shinkyu/src/main/java/com/example/demo/service/ApplicationService.java:[32,14] シンボルを見つけられません
[ERROR]   シンボル:   クラス UserDetailDto
[ERROR]   場所: インタフェース com.example.demo.service.ApplicationService
[ERROR] /C:/Users/S076/Desktop/進級制作/Shinkyu/src/main/java/com/example/demo/service/ApplicationService.java:[37,10] シンボルを見つけられません
[ERROR]   シンボル:   クラス UserDetailDto
[ERROR]   場所: インタフェース com.example.demo.service.ApplicationService
[ERROR] /C:/Users/S076/Desktop/進級制作/Shinkyu/src/main/java/com/example/demo/service/ApplicationService.java:[40,10] シンボルを見つけられません
[ERROR]   シンボル:   クラス UserDetailDto
[ERROR]   場所: インタフェース com.example.demo.service.ApplicationService
[ERROR] /C:/Users/S076/Desktop/進級制作/Shinkyu/src/main/java/com/example/demo/service/ApplicationService.java:[54,5] シンボルを見つけられません
[ERROR]   シンボル:   クラス UserDetailDto
[ERROR]   場所: インタフェース com.example.demo.service.ApplicationService
[ERROR] /C:/Users/S076/Desktop/進級制作/Shinkyu/src/main/java/com/example/demo/service/impl/ApplicationServiceImpl.java:[13,35] シンボルを見つけられません
[ERROR]   シンボル:   クラス RequestRepository
[ERROR]   場所: パッケージ com.example.demo.repository
[ERROR] /C:/Users/S076/Desktop/進級制作/Shinkyu/src/main/java/com/example/demo/service/impl/ApplicationServiceImpl.java:[17,32] シンボルを見つけられません
[ERROR]   シンボル:   クラス UserDetailDto
[ERROR]   場所: パッケージ com.example.demo.service
[ERROR] /C:/Users/S076/Desktop/進級制作/Shinkyu/src/main/java/com/example/demo/service/impl/ApplicationServiceImpl.java:[22,19] シンボルを見つけられません
[ERROR]   シンボル:   クラス RequestRepository
[ERROR]   場所: クラス com.example.demo.service.impl.ApplicationServiceImpl
[ERROR] /C:/Users/S076/Desktop/進級制作/Shinkyu/src/main/java/com/example/demo/service/impl/ApplicationServiceImpl.java:[26,35] シンボルを見つけられません
[ERROR]   シンボル:   クラス RequestRepository
[ERROR]   場所: クラス com.example.demo.service.impl.ApplicationServiceImpl
[ERROR] /C:/Users/S076/Desktop/進級制作/Shinkyu/src/main/java/com/example/demo/service/impl/ApplicationServiceImpl.java:[36,21] シンボルを見つけられません
[ERROR]   シンボル:   クラス UserDetailDto
[ERROR]   場所: クラス com.example.demo.service.impl.ApplicationServiceImpl
[ERROR] /C:/Users/S076/Desktop/進級制作/Shinkyu/src/main/java/com/example/demo/service/impl/ApplicationServiceImpl.java:[42,12] シンボルを見つけられません
[ERROR]   シンボル:   クラス UserDetailDto
[ERROR]   場所: クラス com.example.demo.service.impl.ApplicationServiceImpl
[ERROR] /C:/Users/S076/Desktop/進級制作/Shinkyu/src/main/java/com/example/demo/service/impl/ApplicationServiceImpl.java:[49,17] シンボルを見つけられません
[ERROR]   シンボル:   クラス UserDetailDto
[ERROR]   場所: クラス com.example.demo.service.impl.ApplicationServiceImpl
[ERROR] /C:/Users/S076/Desktop/進級制作/Shinkyu/src/main/java/com/example/demo/service/impl/ApplicationServiceImpl.java:[56,17] シンボルを見つけられません
[ERROR]   シンボル:   クラス UserDetailDto
[ERROR]   場所: クラス com.example.demo.service.impl.ApplicationServiceImpl
[ERROR] /C:/Users/S076/Desktop/進級制作/Shinkyu/src/main/java/com/example/demo/service/impl/ApplicationServiceImpl.java:[205,13] シンボルを見つけられません
[ERROR]   シンボル:   クラス UserDetailDto
[ERROR]   場所: クラス com.example.demo.service.impl.ApplicationServiceImpl
[ERROR] -> [Help 1]
[ERROR] 
[ERROR] To see the full stack trace of the errors, re-run Maven with the -e switch.
[ERROR] Re-run Maven using the -X switch to enable full debug logging.
[ERROR] 
[ERROR] For more information about the errors and possible solutions, please read the following articles:
[ERROR] [Help 1] http://cwiki.apache.org/confluence/display/MAVEN/MojoFailureException
