[INFO] Scanning for projects...
[INFO] 
[INFO] -------------------------< com.example:remote >-------------------------
[INFO] Building remote 0.0.1-SNAPSHOT
[INFO]   from pom.xml
[INFO] --------------------------------[ jar ]---------------------------------
[INFO] 
[INFO] >>> spring-boot:3.5.6:run (default-cli) > test-compile @ remote >>>
[INFO] 
[INFO] --- resources:3.3.1:resources (default-resources) @ remote ---
[INFO] Copying 1 resource from src\main\resources to target\classes
[INFO] Copying 10 resources from src\main\resources to target\classes
[INFO] 
[INFO] --- compiler:3.14.0:compile (default-compile) @ remote ---
[INFO] Nothing to compile - all classes are up to date.
[INFO] 
[INFO] --- resources:3.3.1:testResources (default-testResources) @ remote ---
[INFO] skip non existing resourceDirectory C:\Users\S076\Desktop\êiãâêßçÏ\Shinkyu\src\test\resources
[INFO] 
[INFO] --- compiler:3.14.0:testCompile (default-testCompile) @ remote ---
[INFO] Nothing to compile - all classes are up to date.
[INFO] 
[INFO] <<< spring-boot:3.5.6:run (default-cli) < test-compile @ remote <<<
[INFO] 
[INFO] 
[INFO] --- spring-boot:3.5.6:run (default-cli) @ remote ---
[INFO] Attaching agents: []

  .   ____          _            __ _ _
 /\\ / ___'_ __ _ _(_)_ __  __ _ \ \ \ \
( ( )\___ | '_ | '_| | '_ \/ _` | \ \ \ \
 \\/  ___)| |_)| | | | | || (_| |  ) ) ) )
  '  |____| .__|_| |_|_| |_\__, | / / / /
 =========|_|==============|___/=/_/_/_/

 :: Spring Boot ::                (v3.5.6)

2026-01-20T10:24:15.747+09:00  INFO 2108 --- [remote] [  restartedMain] com.example.demo.RemoteApplication       : Starting RemoteApplication using Java 21.0.9 with PID 2108 (C:\Users\S076\Desktop\ÈÄ≤Á¥öÂà∂‰Ωú\Shinkyu\target\classes started by S076 in C:\Users\S076\Desktop\ÈÄ≤Á¥öÂà∂‰Ωú\Shinkyu)
2026-01-20T10:24:15.762+09:00  INFO 2108 --- [remote] [  restartedMain] com.example.demo.RemoteApplication       : No active profile set, falling back to 1 default profile: "default"
2026-01-20T10:24:15.883+09:00  INFO 2108 --- [remote] [  restartedMain] .e.DevToolsPropertyDefaultsPostProcessor : Devtools property defaults active! Set 'spring.devtools.add-properties' to 'false' to disable
2026-01-20T10:24:15.883+09:00  INFO 2108 --- [remote] [  restartedMain] .e.DevToolsPropertyDefaultsPostProcessor : For additional web related logging consider setting the 'logging.level.web' property to 'DEBUG'
2026-01-20T10:24:17.516+09:00  INFO 2108 --- [remote] [  restartedMain] .s.d.r.c.RepositoryConfigurationDelegate : Multiple Spring Data modules found, entering strict repository configuration mode
2026-01-20T10:24:17.519+09:00  INFO 2108 --- [remote] [  restartedMain] .s.d.r.c.RepositoryConfigurationDelegate : Bootstrapping Spring Data JDBC repositories in DEFAULT mode.
2026-01-20T10:24:17.609+09:00  INFO 2108 --- [remote] [  restartedMain] .RepositoryConfigurationExtensionSupport : Spring Data JDBC - Could not safely identify store assignment for repository candidate interface com.example.demo.repository.ApplicationRepository; If you want this repository to be a JDBC repository, consider annotating your entities with one of these annotations: org.springframework.data.relational.core.mapping.Table.
2026-01-20T10:24:17.613+09:00  INFO 2108 --- [remote] [  restartedMain] .RepositoryConfigurationExtensionSupport : Spring Data JDBC - Could not safely identify store assignment for repository candidate interface com.example.demo.repository.DepartmentRepository; If you want this repository to be a JDBC repository, consider annotating your entities with one of these annotations: org.springframework.data.relational.core.mapping.Table.
2026-01-20T10:24:17.613+09:00  INFO 2108 --- [remote] [  restartedMain] .RepositoryConfigurationExtensionSupport : Spring Data JDBC - Could not safely identify store assignment for repository candidate interface com.example.demo.repository.RequestRepository; If you want this repository to be a JDBC repository, consider annotating your entities with one of these annotations: org.springframework.data.relational.core.mapping.Table.
2026-01-20T10:24:17.616+09:00  INFO 2108 --- [remote] [  restartedMain] .RepositoryConfigurationExtensionSupport : Spring Data JDBC - Could not safely identify store assignment for repository candidate interface com.example.demo.repository.UserGroupRepository; If you want this repository to be a JDBC repository, consider annotating your entities with one of these annotations: org.springframework.data.relational.core.mapping.Table.
2026-01-20T10:24:17.616+09:00  INFO 2108 --- [remote] [  restartedMain] .RepositoryConfigurationExtensionSupport : Spring Data JDBC - Could not safely identify store assignment for repository candidate interface com.example.demo.repository.UserRepository; If you want this repository to be a JDBC repository, consider annotating your entities with one of these annotations: org.springframework.data.relational.core.mapping.Table.
2026-01-20T10:24:17.616+09:00  INFO 2108 --- [remote] [  restartedMain] .s.d.r.c.RepositoryConfigurationDelegate : Finished Spring Data repository scanning in 83 ms. Found 0 JDBC repository interfaces.
2026-01-20T10:24:17.637+09:00  INFO 2108 --- [remote] [  restartedMain] .s.d.r.c.RepositoryConfigurationDelegate : Multiple Spring Data modules found, entering strict repository configuration mode
2026-01-20T10:24:17.638+09:00  INFO 2108 --- [remote] [  restartedMain] .s.d.r.c.RepositoryConfigurationDelegate : Bootstrapping Spring Data JPA repositories in DEFAULT mode.
2026-01-20T10:24:17.695+09:00  INFO 2108 --- [remote] [  restartedMain] .s.d.r.c.RepositoryConfigurationDelegate : Finished Spring Data repository scanning in 49 ms. Found 5 JPA repository interfaces.
2026-01-20T10:24:18.931+09:00  INFO 2108 --- [remote] [  restartedMain] o.s.b.w.embedded.tomcat.TomcatWebServer  : Tomcat initialized with port 8080 (http)
2026-01-20T10:24:19.001+09:00  INFO 2108 --- [remote] [  restartedMain] o.apache.catalina.core.StandardService   : Starting service [Tomcat]
2026-01-20T10:24:19.002+09:00  INFO 2108 --- [remote] [  restartedMain] o.apache.catalina.core.StandardEngine    : Starting Servlet engine: [Apache Tomcat/10.1.46]
2026-01-20T10:24:19.145+09:00  INFO 2108 --- [remote] [  restartedMain] o.a.c.c.C.[Tomcat].[localhost].[/]       : Initializing Spring embedded WebApplicationContext
2026-01-20T10:24:19.145+09:00  INFO 2108 --- [remote] [  restartedMain] w.s.c.ServletWebServerApplicationContext : Root WebApplicationContext: initialization completed in 3262 ms
2026-01-20T10:24:19.509+09:00  INFO 2108 --- [remote] [  restartedMain] o.hibernate.jpa.internal.util.LogHelper  : HHH000204: Processing PersistenceUnitInfo [name: default]
2026-01-20T10:24:19.624+09:00  INFO 2108 --- [remote] [  restartedMain] org.hibernate.Version                    : HHH000412: Hibernate ORM core version 6.6.29.Final
2026-01-20T10:24:19.754+09:00  INFO 2108 --- [remote] [  restartedMain] o.h.c.internal.RegionFactoryInitiator    : HHH000026: Second-level cache disabled
2026-01-20T10:24:20.531+09:00  INFO 2108 --- [remote] [  restartedMain] o.s.o.j.p.SpringPersistenceUnitInfo      : No LoadTimeWeaver setup: ignoring JPA class transformer
2026-01-20T10:24:20.593+09:00  INFO 2108 --- [remote] [  restartedMain] com.zaxxer.hikari.HikariDataSource       : HikariPool-1 - Starting...
2026-01-20T10:24:21.340+09:00  INFO 2108 --- [remote] [  restartedMain] com.zaxxer.hikari.pool.HikariPool        : HikariPool-1 - Added connection com.mysql.cj.jdbc.ConnectionImpl@1762c014
2026-01-20T10:24:21.343+09:00  INFO 2108 --- [remote] [  restartedMain] com.zaxxer.hikari.HikariDataSource       : HikariPool-1 - Start completed.
2026-01-20T10:24:21.350+09:00 DEBUG 2108 --- [remote] [  restartedMain] o.h.e.j.e.i.JdbcEnvironmentInitiator     : Database ->
	   name : MySQL
	version : 8.0.42
	  major : 8
	  minor : 0
2026-01-20T10:24:21.350+09:00 DEBUG 2108 --- [remote] [  restartedMain] o.h.e.j.e.i.JdbcEnvironmentInitiator     : Driver ->
	   name : MySQL Connector/J
	version : mysql-connector-j-9.4.0 (Revision: d680767849154c8e136dfc3d8a0ae4d9fefd1fb7)
	  major : 9
	  minor : 4
2026-01-20T10:24:21.350+09:00 DEBUG 2108 --- [remote] [  restartedMain] o.h.e.j.e.i.JdbcEnvironmentInitiator     : JDBC version : 4.2
2026-01-20T10:24:21.526+09:00  INFO 2108 --- [remote] [  restartedMain] org.hibernate.orm.connections.pooling    : HHH10001005: Database info:
	Database JDBC URL [Connecting through datasource 'HikariDataSource (HikariPool-1)']
	Database driver: undefined/unknown
	Database version: 8.0.42
	Autocommit mode: undefined/unknown
	Isolation level: undefined/unknown
	Minimum pool size: undefined/unknown
	Maximum pool size: undefined/unknown
2026-01-20T10:24:24.014+09:00  INFO 2108 --- [remote] [  restartedMain] o.h.e.t.j.p.i.JtaPlatformInitiator       : HHH000489: No JTA platform available (set 'hibernate.transaction.jta.platform' to enable JTA platform integration)
2026-01-20T10:24:24.025+09:00  INFO 2108 --- [remote] [  restartedMain] j.LocalContainerEntityManagerFactoryBean : Initialized JPA EntityManagerFactory for persistence unit 'default'
2026-01-20T10:24:24.647+09:00  INFO 2108 --- [remote] [  restartedMain] o.s.d.j.r.query.QueryEnhancerFactory     : Hibernate is in classpath; If applicable, HQL parser will be used.
2026-01-20T10:24:26.716+09:00  WARN 2108 --- [remote] [  restartedMain] JpaBaseConfiguration$JpaWebConfiguration : spring.jpa.open-in-view is enabled by default. Therefore, database queries may be performed during view rendering. Explicitly configure spring.jpa.open-in-view to disable this warning
2026-01-20T10:24:27.039+09:00  INFO 2108 --- [remote] [  restartedMain] r$InitializeUserDetailsManagerConfigurer : Global AuthenticationManager configured with UserDetailsService bean with name userDetailsServiceImpl
2026-01-20T10:24:27.580+09:00 DEBUG 2108 --- [remote] [  restartedMain] o.s.jdbc.datasource.DataSourceUtils      : Fetching JDBC Connection from DataSource
2026-01-20T10:24:27.889+09:00  WARN 2108 --- [remote] [  restartedMain] o.s.b.d.a.OptionalLiveReloadServer       : Unable to start LiveReload server
2026-01-20T10:24:27.924+09:00  WARN 2108 --- [remote] [  restartedMain] ConfigServletWebServerApplicationContext : Exception encountered during context initialization - cancelling refresh attempt: org.springframework.context.ApplicationContextException: Failed to start bean 'webServerStartStop'
2026-01-20T10:24:27.924+09:00  INFO 2108 --- [remote] [  restartedMain] j.LocalContainerEntityManagerFactoryBean : Closing JPA EntityManagerFactory for persistence unit 'default'
2026-01-20T10:24:27.924+09:00  INFO 2108 --- [remote] [  restartedMain] com.zaxxer.hikari.HikariDataSource       : HikariPool-1 - Shutdown initiated...
2026-01-20T10:24:27.945+09:00  INFO 2108 --- [remote] [  restartedMain] com.zaxxer.hikari.HikariDataSource       : HikariPool-1 - Shutdown completed.
2026-01-20T10:24:27.966+09:00  INFO 2108 --- [remote] [  restartedMain] .s.b.a.l.ConditionEvaluationReportLogger : 

Error starting ApplicationContext. To display the condition evaluation report re-run your application with 'debug' enabled.
2026-01-20T10:24:27.995+09:00 ERROR 2108 --- [remote] [  restartedMain] o.s.b.d.LoggingFailureAnalysisReporter   : 

***************************
APPLICATION FAILED TO START
***************************

Description:

Web server failed to start. Port 8080 was already in use.

Action:

Identify and stop the process that's listening on port 8080 or configure this application to listen on another port.

[INFO] ------------------------------------------------------------------------
[INFO] BUILD SUCCESS
[INFO] ------------------------------------------------------------------------
[INFO] Total time:  19.407 s
[INFO] Finished at: 2026-01-20T10:24:28+09:00
[INFO] ------------------------------------------------------------------------
