[INFO] Scanning for projects...
[INFO] 
[INFO] -------------------------< com.example:remote >-------------------------
[INFO] Building remote 0.0.1-SNAPSHOT
[INFO]   from pom.xml
[INFO] --------------------------------[ jar ]---------------------------------
[INFO] 
[INFO] >>> spring-boot:3.5.6:run (default-cli) > test-compile @ remote >>>
[INFO] 
[INFO] --- resources:3.3.1:resources (default-resources) @ remote ---
[INFO] Copying 1 resource from src\main\resources to target\classes
[INFO] Copying 10 resources from src\main\resources to target\classes
[INFO] 
[INFO] --- compiler:3.14.0:compile (default-compile) @ remote ---
[INFO] Nothing to compile - all classes are up to date.
[INFO] 
[INFO] --- resources:3.3.1:testResources (default-testResources) @ remote ---
[INFO] skip non existing resourceDirectory C:\Users\S076\Desktop\êiãâêßçÏ\Shinkyu\src\test\resources
[INFO] 
[INFO] --- compiler:3.14.0:testCompile (default-testCompile) @ remote ---
[INFO] Nothing to compile - all classes are up to date.
[INFO] 
[INFO] <<< spring-boot:3.5.6:run (default-cli) < test-compile @ remote <<<
[INFO] 
[INFO] 
[INFO] --- spring-boot:3.5.6:run (default-cli) @ remote ---
[INFO] Attaching agents: []

  .   ____          _            __ _ _
 /\\ / ___'_ __ _ _(_)_ __  __ _ \ \ \ \
( ( )\___ | '_ | '_| | '_ \/ _` | \ \ \ \
 \\/  ___)| |_)| | | | | || (_| |  ) ) ) )
  '  |____| .__|_| |_|_| |_\__, | / / / /
 =========|_|==============|___/=/_/_/_/

 :: Spring Boot ::                (v3.5.6)

2026-01-20T10:27:50.515+09:00  INFO 23240 --- [remote] [  restartedMain] com.example.demo.RemoteApplication       : Starting RemoteApplication using Java 21.0.9 with PID 23240 (C:\Users\S076\Desktop\ÈÄ≤Á¥öÂà∂‰Ωú\Shinkyu\target\classes started by S076 in C:\Users\S076\Desktop\ÈÄ≤Á¥öÂà∂‰Ωú\Shinkyu)
2026-01-20T10:27:50.515+09:00  INFO 23240 --- [remote] [  restartedMain] com.example.demo.RemoteApplication       : No active profile set, falling back to 1 default profile: "default"
2026-01-20T10:27:50.611+09:00  INFO 23240 --- [remote] [  restartedMain] .e.DevToolsPropertyDefaultsPostProcessor : Devtools property defaults active! Set 'spring.devtools.add-properties' to 'false' to disable
2026-01-20T10:27:50.611+09:00  INFO 23240 --- [remote] [  restartedMain] .e.DevToolsPropertyDefaultsPostProcessor : For additional web related logging consider setting the 'logging.level.web' property to 'DEBUG'
2026-01-20T10:27:51.969+09:00  INFO 23240 --- [remote] [  restartedMain] .s.d.r.c.RepositoryConfigurationDelegate : Multiple Spring Data modules found, entering strict repository configuration mode
2026-01-20T10:27:51.970+09:00  INFO 23240 --- [remote] [  restartedMain] .s.d.r.c.RepositoryConfigurationDelegate : Bootstrapping Spring Data JDBC repositories in DEFAULT mode.
2026-01-20T10:27:52.062+09:00  INFO 23240 --- [remote] [  restartedMain] .RepositoryConfigurationExtensionSupport : Spring Data JDBC - Could not safely identify store assignment for repository candidate interface com.example.demo.repository.ApplicationRepository; If you want this repository to be a JDBC repository, consider annotating your entities with one of these annotations: org.springframework.data.relational.core.mapping.Table.
2026-01-20T10:27:52.062+09:00  INFO 23240 --- [remote] [  restartedMain] .RepositoryConfigurationExtensionSupport : Spring Data JDBC - Could not safely identify store assignment for repository candidate interface com.example.demo.repository.DepartmentRepository; If you want this repository to be a JDBC repository, consider annotating your entities with one of these annotations: org.springframework.data.relational.core.mapping.Table.
2026-01-20T10:27:52.069+09:00  INFO 23240 --- [remote] [  restartedMain] .RepositoryConfigurationExtensionSupport : Spring Data JDBC - Could not safely identify store assignment for repository candidate interface com.example.demo.repository.RequestRepository; If you want this repository to be a JDBC repository, consider annotating your entities with one of these annotations: org.springframework.data.relational.core.mapping.Table.
2026-01-20T10:27:52.071+09:00  INFO 23240 --- [remote] [  restartedMain] .RepositoryConfigurationExtensionSupport : Spring Data JDBC - Could not safely identify store assignment for repository candidate interface com.example.demo.repository.UserGroupRepository; If you want this repository to be a JDBC repository, consider annotating your entities with one of these annotations: org.springframework.data.relational.core.mapping.Table.
2026-01-20T10:27:52.071+09:00  INFO 23240 --- [remote] [  restartedMain] .RepositoryConfigurationExtensionSupport : Spring Data JDBC - Could not safely identify store assignment for repository candidate interface com.example.demo.repository.UserRepository; If you want this repository to be a JDBC repository, consider annotating your entities with one of these annotations: org.springframework.data.relational.core.mapping.Table.
2026-01-20T10:27:52.071+09:00  INFO 23240 --- [remote] [  restartedMain] .s.d.r.c.RepositoryConfigurationDelegate : Finished Spring Data repository scanning in 92 ms. Found 0 JDBC repository interfaces.
2026-01-20T10:27:52.111+09:00  INFO 23240 --- [remote] [  restartedMain] .s.d.r.c.RepositoryConfigurationDelegate : Multiple Spring Data modules found, entering strict repository configuration mode
2026-01-20T10:27:52.111+09:00  INFO 23240 --- [remote] [  restartedMain] .s.d.r.c.RepositoryConfigurationDelegate : Bootstrapping Spring Data JPA repositories in DEFAULT mode.
2026-01-20T10:27:52.210+09:00  INFO 23240 --- [remote] [  restartedMain] .s.d.r.c.RepositoryConfigurationDelegate : Finished Spring Data repository scanning in 83 ms. Found 5 JPA repository interfaces.
2026-01-20T10:27:53.520+09:00  INFO 23240 --- [remote] [  restartedMain] o.s.b.w.embedded.tomcat.TomcatWebServer  : Tomcat initialized with port 8080 (http)
2026-01-20T10:27:53.539+09:00  INFO 23240 --- [remote] [  restartedMain] o.apache.catalina.core.StandardService   : Starting service [Tomcat]
2026-01-20T10:27:53.539+09:00  INFO 23240 --- [remote] [  restartedMain] o.apache.catalina.core.StandardEngine    : Starting Servlet engine: [Apache Tomcat/10.1.46]
2026-01-20T10:27:53.612+09:00  INFO 23240 --- [remote] [  restartedMain] o.a.c.c.C.[Tomcat].[localhost].[/]       : Initializing Spring embedded WebApplicationContext
2026-01-20T10:27:53.622+09:00  INFO 23240 --- [remote] [  restartedMain] w.s.c.ServletWebServerApplicationContext : Root WebApplicationContext: initialization completed in 3001 ms
2026-01-20T10:27:53.975+09:00  INFO 23240 --- [remote] [  restartedMain] o.hibernate.jpa.internal.util.LogHelper  : HHH000204: Processing PersistenceUnitInfo [name: default]
2026-01-20T10:27:54.062+09:00  INFO 23240 --- [remote] [  restartedMain] org.hibernate.Version                    : HHH000412: Hibernate ORM core version 6.6.29.Final
2026-01-20T10:27:54.160+09:00  INFO 23240 --- [remote] [  restartedMain] o.h.c.internal.RegionFactoryInitiator    : HHH000026: Second-level cache disabled
2026-01-20T10:27:54.614+09:00  INFO 23240 --- [remote] [  restartedMain] o.s.o.j.p.SpringPersistenceUnitInfo      : No LoadTimeWeaver setup: ignoring JPA class transformer
2026-01-20T10:27:54.663+09:00  INFO 23240 --- [remote] [  restartedMain] com.zaxxer.hikari.HikariDataSource       : HikariPool-1 - Starting...
2026-01-20T10:27:55.248+09:00  INFO 23240 --- [remote] [  restartedMain] com.zaxxer.hikari.pool.HikariPool        : HikariPool-1 - Added connection com.mysql.cj.jdbc.ConnectionImpl@4dac776e
2026-01-20T10:27:55.253+09:00  INFO 23240 --- [remote] [  restartedMain] com.zaxxer.hikari.HikariDataSource       : HikariPool-1 - Start completed.
2026-01-20T10:27:55.261+09:00 DEBUG 23240 --- [remote] [  restartedMain] o.h.e.j.e.i.JdbcEnvironmentInitiator     : Database ->
	   name : MySQL
	version : 8.0.42
	  major : 8
	  minor : 0
2026-01-20T10:27:55.261+09:00 DEBUG 23240 --- [remote] [  restartedMain] o.h.e.j.e.i.JdbcEnvironmentInitiator     : Driver ->
	   name : MySQL Connector/J
	version : mysql-connector-j-9.4.0 (Revision: d680767849154c8e136dfc3d8a0ae4d9fefd1fb7)
	  major : 9
	  minor : 4
2026-01-20T10:27:55.261+09:00 DEBUG 23240 --- [remote] [  restartedMain] o.h.e.j.e.i.JdbcEnvironmentInitiator     : JDBC version : 4.2
2026-01-20T10:27:55.440+09:00  INFO 23240 --- [remote] [  restartedMain] org.hibernate.orm.connections.pooling    : HHH10001005: Database info:
	Database JDBC URL [Connecting through datasource 'HikariDataSource (HikariPool-1)']
	Database driver: undefined/unknown
	Database version: 8.0.42
	Autocommit mode: undefined/unknown
	Isolation level: undefined/unknown
	Minimum pool size: undefined/unknown
	Maximum pool size: undefined/unknown
2026-01-20T10:27:57.340+09:00  INFO 23240 --- [remote] [  restartedMain] o.h.e.t.j.p.i.JtaPlatformInitiator       : HHH000489: No JTA platform available (set 'hibernate.transaction.jta.platform' to enable JTA platform integration)
2026-01-20T10:27:57.340+09:00  INFO 23240 --- [remote] [  restartedMain] j.LocalContainerEntityManagerFactoryBean : Initialized JPA EntityManagerFactory for persistence unit 'default'
2026-01-20T10:27:57.921+09:00  INFO 23240 --- [remote] [  restartedMain] o.s.d.j.r.query.QueryEnhancerFactory     : Hibernate is in classpath; If applicable, HQL parser will be used.
2026-01-20T10:27:59.513+09:00  WARN 23240 --- [remote] [  restartedMain] JpaBaseConfiguration$JpaWebConfiguration : spring.jpa.open-in-view is enabled by default. Therefore, database queries may be performed during view rendering. Explicitly configure spring.jpa.open-in-view to disable this warning
2026-01-20T10:27:59.898+09:00  INFO 23240 --- [remote] [  restartedMain] r$InitializeUserDetailsManagerConfigurer : Global AuthenticationManager configured with UserDetailsService bean with name userDetailsServiceImpl
2026-01-20T10:28:00.611+09:00 DEBUG 23240 --- [remote] [  restartedMain] o.s.jdbc.datasource.DataSourceUtils      : Fetching JDBC Connection from DataSource
2026-01-20T10:28:00.882+09:00  INFO 23240 --- [remote] [  restartedMain] o.s.b.d.a.OptionalLiveReloadServer       : LiveReload server is running on port 35729
2026-01-20T10:28:00.945+09:00  INFO 23240 --- [remote] [  restartedMain] o.s.b.w.embedded.tomcat.TomcatWebServer  : Tomcat started on port 8080 (http) with context path '/'
2026-01-20T10:28:00.976+09:00  INFO 23240 --- [remote] [  restartedMain] com.example.demo.RemoteApplication       : Started RemoteApplication in 11.385 seconds (process running for 12.159)
[INFO] ------------------------------------------------------------------------
[INFO] BUILD FAILURE
[INFO] ------------------------------------------------------------------------
[INFO] Total time:  07:09 min
[INFO] Finished at: 2026-01-20T10:34:52+09:00
[INFO] ------------------------------------------------------------------------
[ERROR] Failed to execute goal org.springframework.boot:spring-boot-maven-plugin:3.5.6:run (default-cli) on project remote: Process terminated with exit code: -1 -> [Help 1]
[ERROR] 
[ERROR] To see the full stack trace of the errors, re-run Maven with the -e switch.
[ERROR] Re-run Maven using the -X switch to enable full debug logging.
[ERROR] 
[ERROR] For more information about the errors and possible solutions, please read the following articles:
[ERROR] [Help 1] http://cwiki.apache.org/confluence/display/MAVEN/MojoExecutionException
